npm error code ERESOLVE
npm error ERESOLVE could not resolve
npm error
npm error While resolving: @typescript-eslint/eslint-plugin@7.18.0
npm error Found: eslint@9.39.1
npm error node_modules/eslint
npm error   peer eslint@"^6.0.0 || ^7.0.0 || >=8.0.0" from @eslint-community/eslint-utils@4.9.0
npm error   node_modules/@eslint-community/eslint-utils
npm error     @eslint-community/eslint-utils@"^4.4.0" from @typescript-eslint/utils@7.18.0
npm error     node_modules/@typescript-eslint/utils
npm error       @typescript-eslint/utils@"7.18.0" from @typescript-eslint/eslint-plugin@7.18.0
npm error       node_modules/@typescript-eslint/eslint-plugin
npm error         dev @typescript-eslint/eslint-plugin@"^7.18.0" from the root project
npm error       1 more (@typescript-eslint/type-utils)
npm error     @eslint-community/eslint-utils@"^4.8.0" from eslint@9.39.1
npm error     1 more (@typescript-eslint/utils)
npm error   peer eslint@">=9.0.0" from eslint-config-next@16.0.7
npm error   node_modules/eslint-config-next
npm error     dev eslint-config-next@"^16.0.7" from the root project
npm error   11 more (eslint-import-resolver-typescript, ...)
npm error
npm error Could not resolve dependency:
npm error peer eslint@"^8.56.0" from @typescript-eslint/eslint-plugin@7.18.0
npm error node_modules/@typescript-eslint/eslint-plugin
npm error   dev @typescript-eslint/eslint-plugin@"^7.18.0" from the root project
npm error
npm error Conflicting peer dependency: eslint@8.57.1
npm error node_modules/eslint
npm error   peer eslint@"^8.56.0" from @typescript-eslint/eslint-plugin@7.18.0
npm error   node_modules/@typescript-eslint/eslint-plugin
npm error     dev @typescript-eslint/eslint-plugin@"^7.18.0" from the root project
npm error
npm error Fix the upstream dependency conflict, or retry
npm error this command with --force or --legacy-peer-deps
npm error to accept an incorrect (and potentially broken) dependency resolution.
npm error
npm error
npm error For a full report see:
npm error /Users/flavius/.npm/_logs/2025-12-06T11_38_36_337Z-eresolve-report.txt
npm error A complete log of this run can be found in: /Users/flavius/.npm/_logs/2025-12-06T11_38_36_337Z-debug-0.log
